node.exe : (node:16372) [MODULE_TYPELESS_PACKAGE_JSON] Warning: Module type of 
file:///C:/Users/MIGUEL/PayMang/scripts/system-integration-test.ts is not specified and it doesn't parse as 
CommonJS.
En línea: 1 Carácter: 1
+ & "C:\Program Files\nodejs/node.exe" "C:\Program Files\nodejs/node_mo ...
+ ~~~~~~~~~~~~~~~~~~~~~~~~~~~~~~~~~~~~~~~~~~~~~~~~~~~~~~~~~~~~~~~~~~~~~
    + CategoryInfo          : NotSpecified: ((node:16372) [M...se as CommonJS.:String) [], RemoteException
    + FullyQualifiedErrorId : NativeCommandError
 
Reparsing as ES module because module syntax was detected. This incurs a performance overhead.
To eliminate this warning, add "type": "module" to C:\Users\MIGUEL\PayMang\package.json.
(Use `node --trace-warnings ...` to show where the warning was created)
[dotenv@17.2.4] injecting env (17) from .env -- tip: Ô£à audit secrets and track compliance: https://dotenvx.com/ops
­ƒÜÇ STARTED: Full System Integration Test

­ƒö╣ [SETUP] Fetching active Pack...
   -> Pack ID: b07be6d1-352d-4742-b550-ff3029b16607

­ƒö╣ [CLOSER] Logging in...
   -> Logged in as: closer@test.com (42a87c49-7546-4696-bff4-731642e65843)

­ƒö╣ [CLOSER] Creating Student...
   -> Assigning to Coach ID: 0da9ea6a-8b72-4f7f-a072-9bf7cdf35389
   -> Student Created: 6d46192d-2a1f-4deb-aab0-d61633c1bcef (system_test_1770739125058@test.com)

­ƒö╣ [CLOSER] Generating Payment Link...
   -> Link Generated: test_125269

­ƒö╣ [SYSTEM] Simulating Payment via API...
   -> POST http://localhost:3000/api/test/simulate-payment

ÔØî TEST FAILED: API Error: Error creando venta: Could not find the 'amount' column of 'sales' in the schema 
cache

­ƒö╣ [CLEANUP] Deleting test student...
